---
source: src/lints/true_false_symbol/mod.rs
expression: fix_output
---
  OLD:
  ====
any(duplicated(x))
  NEW:
  ====
anyDuplicated(x) > 0

  OLD:
  ====
any(duplicated(foo(x)))
  NEW:
  ====
anyDuplicated(foo(x)) > 0

  OLD:
  ====
any(duplicated(x), na.rm = TRUE)
  NEW:
  ====
anyDuplicated(x) > 0
