---
source: src/lints/assignment/mod.rs
expression: "get_fixed_text(vec![\"blah=1\", \"blah = 1\", \"blah = fun(1)\",\n\"fun((blah = fun(1)))\", \"1 -> fun\",], \"assignment\", None)"
---
  OLD:
  ====
blah=1
  NEW:
  ====
blah <- 1

  OLD:
  ====
blah = 1
  NEW:
  ====
blah <- 1

  OLD:
  ====
blah = fun(1)
  NEW:
  ====
blah <- fun(1)

  OLD:
  ====
fun((blah = fun(1)))
  NEW:
  ====
fun((blah <- fun(1)))

  OLD:
  ====
1 -> fun
  NEW:
  ====
fun <- 1
